[C:/Users/sxxjh/Documents/Websites/zjp模板/backblue.gif]
[C:/Users/sxxjh/Documents/Websites/zjp模板/fade.gif]
[C:/Users/sxxjh/Documents/Websites/zjp模板/index.html]
[C:/Users/sxxjh/Documents/Websites/zjp模板/badgameshow.com/fake/roastturkey.co/index.html]
[C:/Users/sxxjh/Documents/Websites/zjp模板/badgameshow.com/fake/roastturkey.co/favicon.ico]
[C:/Users/sxxjh/Documents/Websites/zjp模板/badgameshow.com/fake/roastturkey.co/static/css/chunk.css]
[C:/Users/sxxjh/Documents/Websites/zjp模板/badgameshow.com/fake/roastturkey.co/static/js/web3.js]
[C:/Users/sxxjh/Documents/Websites/zjp模板/badgameshow.com/fake/roastturkey.co/static/js/jquery.min.js]
[C:/Users/sxxjh/Documents/Websites/zjp模板/badgameshow.com/fake/roastturkey.co/static/css/main.css]
[C:/Users/sxxjh/Documents/Websites/zjp模板/badgameshow.com/fake/roastturkey.co/static/media/logo.cd8c5573.png]
[C:/Users/sxxjh/Documents/Websites/zjp模板/badgameshow.com/fake/roastturkey.co/static/media/grill.9817a163.png]
[C:/Users/sxxjh/Documents/Websites/zjp模板/badgameshow.com/fake/roastturkey.co/static/media/butonBg.562c51f8.gif]
[C:/Users/sxxjh/Documents/Websites/zjp模板/cdnjs.cloudflare.com/ajax/libs/web3/1.6.1-rc.0/web3.min.js]
